# Private-namespace members and their homes, one "DICT /name" per line.
# The dict-homes test holds the file in both directions: every name here
# must still be where it says in data/*.ps, and every member those
# sources define must be named here. A member may not move home, vanish,
# or arrive unregistered. A feature that adds one registers it in the
# same commit, so the file is the running register of where interpreter
# machinery lives.
#
# The "entries" line counts the member lines that follow. Nothing else
# would stop the list being emptied: with nothing registered there is
# nothing to look for, and both directions would agree over two empty
# sets.
#
# A name here is the whole name, and it ends where PostScript ends one --
# at whitespace or a delimiter. A register that let a name end anywhere
# else could carry one nothing defines and have it answered by a longer
# name that something does: /DATA by DATA_DIR, /.hodgman by
# .hodgman-sutherland. Such an entry registers a member that does not
# exist while the one that does goes unheld.
#
# A name here is also one the PostScript defines, not one a comment or a
# printed message about it spells. /.h is what data/init.ps writes in the
# line that shows an imaginary helper to explain the helper-call idiom;
# nothing defines a member of that name, and registering it would hold
# nothing to anything.
#
# More members are registered than the sources are read as defining. One
# defined in C, one a running procedure computes, and the device class
# dictionaries a loop copies into their home are written down nowhere a
# scan can read as a definition, so they are held by the first direction
# alone.
entries 535

# Graphics-state template slots (data/gstate.ps). The list is the whole
# fails the check, so a new slot is declared here in the commit that adds
# it, and none may be dropped or renamed.
# of the template: a slot the template declares and this list does not
# the device class dictionaries, one per PostScript-implemented device
.gscratch /.lresources
.gscratch /.cshmeas
.gscratch /.hairrect
.gscratch /.imginterp
.gscratch /.pfdict
.gscratch /.stencilcache
.gscratch /.t4nopaint
.gscratch /strokedict
.jobstore /.==state
.jobstore /.=string
.jobstore /.boundatdef
.jobstore /.cellstate
.jobstore /.distillerparams
.jobstore /.es1
.jobstore /.es3
.jobstore /.execstate
.jobstore /.facecache
.jobstore /.fontavail
.jobstore /.glyphstate
.jobstore /.hostdict
.jobstore /.isectscratch
.jobstore /.opsigs
.jobstore /.bandstate
.jobstore /.pagestate
.jobstore /.promptdigit
.jobstore /.resourcemissing
.jobstore /.resources
.xpostsys /.bandterms
.xpostsys /.imgextentfault
.xpostsys /.imgrowread
.xpostsys /.pageextents
.xpostsys /.sepallcolor
.xpostsys /.sepcolorant
.xpostsys /.shbpsok
.xpostsys /.shdevcs
.xpostsys /.shdevcsname
.xpostsys /.shdevextentok
.xpostsys /.shdevflagok
.xpostsys /.shdevfn0ok
.xpostsys /.shdevfn1
.xpostsys /.shdevfnok
.xpostsys /.shdevmeshok
.xpostsys /.shdevrowok
.xpostsys /.shdevtypes
.xpostsys /.shmeshtypes
.xpostsys /.shtodevice
.xpostsys /.stdcategories
.jobstore /.uncoloredcell
.jobstore /.vecout
.internaldict /.=stringproc
.internaldict /.fillpoly
.internaldict /.fillrectgray
.internaldict /.sysdictrelock
.internaldict /GRAPHICS_LOAD_DEPTH
.internaldict /GRAPHICS_LOAD_STOPPED
.internaldict /GRAPHICS_LOADED
.internaldict /LOCKDOWN_DEPTH
.internaldict /LOCKDOWN_DONE
.internaldict /LOCKDOWN_STOPPED
.internaldict /QUIET
.internaldict /USEDRAWLINE
.privatedict /.DEVICEproc
.privatedict /.completedevice
.privatedict /.error
.privatedict /.graphicsdictproc
.privatedict /.gscratchdict
.privatedict /.gscratchproc
.privatedict /.gstatetemplate
.privatedict /.pagestate
.privatedict /.wrappedprocs
.privatedict /.xpost_BBOX
.privatedict /.xpost_DSCWRITE
.privatedict /.xpost_NULLDEV
.privatedict /.xpost_PBMIMAGE
.privatedict /.xpost_PDFWRITE
.privatedict /.xpost_PGMIMAGE
.privatedict /.xpost_PPMIMAGE
.privatedict /.xpost_SVGWRITE
.privatedict /.xpost_TIFFIMAGE
.privatedict /newDSCWRITEdevice
.privatedict /newPBMIMAGEdevice
.privatedict /newPDFWRITEdevice
.privatedict /newPGMIMAGEdevice
.privatedict /newPPMIMAGEdevice
.privatedict /newSVGWRITEdevice
.privatedict /newTIFFIMAGEdevice
.privatedict /newbboxdevice
.privatedict /newnulldevice
.xpostsys /.adoptexactpage
.xpostsys /.applytransfer
.xpostsys /.argok
.xpostsys /.armdevrequest
.xpostsys /.axialsh
.xpostsys /.bandbudget
.xpostsys /.bandfits
.xpostsys /.bandheight
.xpostsys /.bandsatpage
.xpostsys /.bandsaving
.xpostsys /.bboxdevbind0
.xpostsys /.bboxdevbind1
.xpostsys /.beginpage
.xpostsys /.bez1
.xpostsys /.bindone
.xpostsys /.bindscope
.xpostsys /.bindscoped
.xpostsys /.bindwrap
.xpostsys /.bootnographics
.xpostsys /.bootrun
.xpostsys /.buildkeys
.xpostsys /.c01
.xpostsys /.c255
.xpostsys /.callout
.xpostsys /.catdispatch
.xpostsys /.catinstancedict
.xpostsys /.catinstances
.xpostsys /.catprocs
.xpostsys /.celldet
.xpostsys /.cellside
.xpostsys /.charpathoutline
.xpostsys /.charpathstroked
.xpostsys /.checkargs
.xpostsys /.checkpagefeatures
.xpostsys /.checkpagegeometry
.xpostsys /.checkpagehandlers
.xpostsys /.checkpagepolicies
.xpostsys /.checkquit
.xpostsys /.childrun
.xpostsys /.cidface
.xpostsys /.cidglyphshow
.xpostsys /.cidstamp
.xpostsys /.cidtypemap
.xpostsys /.cieabcdev
.xpostsys /.cieadev
.xpostsys /.cieclamp
.xpostsys /.cieclampcomps
.xpostsys /.ciecomps
.xpostsys /.cieconv
.xpostsys /.ciedecodes
.xpostsys /.ciedefdev
.xpostsys /.ciedefgdev
.xpostsys /.ciedev
.xpostsys /.ciefams
.xpostsys /.cielmndev
.xpostsys /.cieprocs
.xpostsys /.cierange
.xpostsys /.cierangekeys
.xpostsys /.cierender
.xpostsys /.cietblpos
.xpostsys /.cietblval
.xpostsys /.ciexyzrgb
.xpostsys /.classcopydict
.xpostsys /.defdefineresource
.xpostsys /.deffindresource
.xpostsys /.defresourceforall
.xpostsys /.defresourcestatus
.xpostsys /.defundefineresource
.xpostsys /.emptydict
.xpostsys /.classinstance
.xpostsys /.enumerateinstances
.xpostsys /.indevwork
.xpostsys /.sealdevice
.xpostsys /.clipbig
.xpostsys /.clipmeet
.xpostsys /.clipmeetparts
.xpostsys /.clippartsmeet
.xpostsys /.clipregionpath
.xpostsys /.clipregionpoly
.xpostsys /.clipspans
.xpostsys /.clipstoreparts
.xpostsys /.cliptile
.xpostsys /.cliptilerows
.xpostsys /.clipvoid
.xpostsys /.closeafterbind
.xpostsys /.closepending
.xpostsys /.cmapnext
.xpostsys /.cmapwalk
.xpostsys /.coabsent
.xpostsys /.cobeginall
.xpostsys /.colorantsat
.xpostsys /.colorroute
.xpostsys /.conothing
.xpostsys /.coops
.xpostsys /.corestore
.xpostsys /.cosave
.xpostsys /.costop
.xpostsys /.cpath
.xpostsys /.crdabc
.xpostsys /.crddefault
.xpostsys /.crdget
.xpostsys /.crdinv3
.xpostsys /.crdmul
.xpostsys /.crdname
.xpostsys /.crdpqr
.xpostsys /.crdsame
.xpostsys /.crdtable
.xpostsys /.crdvalidate
.xpostsys /.crossdashbound
.xpostsys /.crossdashnames
.xpostsys /.csalt
.xpostsys /.cscolorants
.xpostsys /.cshhold
.xpostsys /.cshmeasure
.xpostsys /.cshsetfont
.xpostsys /.cshsubst
.xpostsys /.csindexed
.xpostsys /.csinitcolor
.xpostsys /.cskeys
.xpostsys /.csname
.xpostsys /.csproc
.xpostsys /.csreckeys
.xpostsys /.csspot
.xpostsys /.csvalidate
.xpostsys /.ctchannel
.xpostsys /.ctkeys
.xpostsys /.cunit
.xpostsys /.curbandheight
.xpostsys /.curdisplaylist
.xpostsys /.currecordspill
.xpostsys /.customcolorspace
.xpostsys /.dashpath
.xpostsys /.decode
.xpostsys /.defaultpolicies
.xpostsys /.defcategory
.xpostsys /.defop
.xpostsys /.defopin
.xpostsys /.despike
.xpostsys /.devicefor
.xpostsys /.devicemakers
.xpostsys /.devpathforall
.xpostsys /.devres-to-points
.xpostsys /.devsendclip
.xpostsys /.devtakespath
.xpostsys /.devtakesstroke
.xpostsys /.dir
.xpostsys /.docap
.xpostsys /.doclip
.xpostsys /.dolinejoin
.xpostsys /.dopending
.xpostsys /.doprompt
.xpostsys /.dscwritebind0
.xpostsys /.dscwritebind1
.xpostsys /.dsunwind
.xpostsys /.endjob
.xpostsys /.endjobpage
.xpostsys /.endpage
.xpostsys /.eospanparts
.xpostsys /.eospantile
.xpostsys /.evaluate
.xpostsys /.execformbox
.xpostsys /.execformcapture
.xpostsys /.execformdirect
.xpostsys /.fill
.xpostsys /.fillparts
.xpostsys /.fillsubjparts
.xpostsys /.finalize
.xpostsys /.fmapdesc
.xpostsys /.fmapnext
.xpostsys /.fn1array
.xpostsys /.fncheckin
.xpostsys /.fncheckshading
.xpostsys /.fnclip
.xpostsys /.fneval
.xpostsys /.fneval2
.xpostsys /.fnindim
.xpostsys /.fnsample
.xpostsys /.fnsamplebits
.xpostsys /.fnsampled
.xpostsys /.fnsh
.xpostsys /.fontbind0
.xpostsys /.fontbind1
.xpostsys /.fontbind2
.xpostsys /.fontbind3
.xpostsys /.fontbind4
.xpostsys /.fontroute
.xpostsys /.fontsubstitutions
.xpostsys /.forkcontext
.xpostsys /.formcachebytes
.xpostsys /.formcachedrop
.xpostsys /.formcacheoldest
.xpostsys /.gcd
.xpostsys /.genericresourcedir
.xpostsys /.gflatfast
.xpostsys /.gflatgeneral
.xpostsys /.gflatplan
.xpostsys /.glyphbytes
.xpostsys /.glyphcharpath
.xpostsys /.glyphkey
.xpostsys /.gmid
.xpostsys /.gsetcolor
.xpostsys /.gstatecopy
.xpostsys /.gsunwind
.xpostsys /.gtintcolor
.xpostsys /.gtintspace
.xpostsys /.gtri
.xpostsys /.gtriclip
.xpostsys /.hairsegclip
.xpostsys /.handlejoberror
.xpostsys /.hodgman-sutherland
.xpostsys /.hostvalue
.xpostsys /.hsbnames
.xpostsys /.ht5component
.xpostsys /.htangledcell
.xpostsys /.htanswer
.xpostsys /.htarrayfile
.xpostsys /.htcelllimit
.xpostsys /.htextent
.xpostsys /.htextentexempt
.xpostsys /.htextentnames
.xpostsys /.htgraytriple
.xpostsys /.htnum
.xpostsys /.htoptional
.xpostsys /.htoptypes
.xpostsys /.htraisezero
.xpostsys /.htrequire
.xpostsys /.htresolve
.xpostsys /.htthresholds
.xpostsys /.htvalidate
.xpostsys /.htwith
.xpostsys /.identdecode
.xpostsys /.idiomcat
.xpostsys /.idiommatch
.xpostsys /.idiomsearch
.xpostsys /.idiomsub
.xpostsys /.idxconv
.xpostsys /.imagebind1
.xpostsys /.imagebind2
.xpostsys /.imagebind3
.xpostsys /.imagepaint
.xpostsys /.imagepaintm
.xpostsys /.imagetype3
.xpostsys /.imagetype4
.xpostsys /.imagingrownames
.xpostsys /.imagingrows
.xpostsys /.imgbits
.xpostsys /.imgdatasource
.xpostsys /.imgsource
.xpostsys /.indict
.xpostsys /.initdevicegstate
.xpostsys /.initial_ipos
.xpostsys /.installcolorscreen
.xpostsys /.installcolorscreenbody
.xpostsys /.installscreen
.xpostsys /.installscreenbody
.xpostsys /.installscreencell
.xpostsys /.implicitdefine
.xpostsys /.implicitundefine
.xpostsys /.instancetype
.xpostsys /.trycategoryload
.xpostsys /.instof
.xpostsys /.intest
.xpostsys /.isclassname
.xpostsys /.isupmat
.xpostsys /.it1row
.xpostsys /.it2row
.xpostsys /.joinnames
.xpostsys /.knowndevparam
.xpostsys /.latticecands
.xpostsys /.linstof
.xpostsys /.loadgraphics
.xpostsys /.loadmodule
.xpostsys /.loadresource
.xpostsys /.magang
.xpostsys /.makerasterclass
.xpostsys /.marktransfer
.xpostsys /.maskcapture
.xpostsys /.mcscale
.xpostsys /.mergepolicies
.xpostsys /.meshsh
.xpostsys /.min
.xpostsys /.minlinewidth
.xpostsys /.mrdalign
.xpostsys /.mrdbits
.xpostsys /.mrdcolor
.xpostsys /.mrdcompbits
.xpostsys /.mrdcoordbits
.xpostsys /.mrddec
.xpostsys /.mrdflag
.xpostsys /.mrdflagbits
.xpostsys /.mrdinit
.xpostsys /.mrdmore
.xpostsys /.mrdpt
.xpostsys /.mrdvertex
.xpostsys /.mustbe
.xpostsys /.ncomponents
.xpostsys /.needfont
.xpostsys /.needpoint
.xpostsys /.needread
.xpostsys /.normclipwind
.xpostsys /.num2str
.xpostsys /.outlinepath
.xpostsys /.p2abc
.xpostsys /.pagedeviceabsent
.xpostsys /.pagedeviceparams
.xpostsys /.pagefilename
.xpostsys /.pagehandler
.xpostsys /.pagemarked
.xpostsys /.pagemarker
.xpostsys /.pageno
.xpostsys /.pagepause
.xpostsys /.pagesent
.xpostsys /.paintbind0
.xpostsys /.paintbind1
.xpostsys /.patchpaint
.xpostsys /.patchsh
.xpostsys /.patternactive
.xpostsys /.patterncell
.xpostsys /.patternclip
.xpostsys /.patterndevfill
.xpostsys /.patterndevice
.xpostsys /.patterneofill
.xpostsys /.patternfill
.xpostsys /.patternfits
.xpostsys /.patternneed
.xpostsys /.patterntile
.xpostsys /.patterntype
.xpostsys /.pause
.xpostsys /.pcallout
.xpostsys /.pdfwritebind0
.xpostsys /.pdfwritebind1
.xpostsys /.pdfwritebind2
.xpostsys /.pdfwritebind3
.xpostsys /.pdfwritebind4
.xpostsys /.pdfwritebind5
.xpostsys /.pexec
.xpostsys /.pgridmap
.xpostsys /.playdrop
.xpostsys /.playparams
.xpostsys /.pmix
.xpostsys /.policyfor
.xpostsys /.polyarea2
.xpostsys /.polybounds
.xpostsys /.polytopath
.xpostsys /.ptdiff
.xpostsys /.qsort
.xpostsys /.radialsh
.xpostsys /.rasterproto
.xpostsys /.ravec
.xpostsys /.recordbytes
.xpostsys /.recordcolorscreen
.xpostsys /.rect
.xpostsys /.rect1
.xpostsys /.refreshscreencell
.xpostsys /.reportloadfailure
.xpostsys /.reportpage
.xpostsys /.resourcefilename
.xpostsys /.resourcefind
.xpostsys /.resourceknownmissing
.xpostsys /.resourcemarkmissing
.xpostsys /.rfhand
.xpostsys /.rgbnames
.xpostsys /.rowbytes
.xpostsys /.rownorm
.xpostsys /.runbuild
.xpostsys /.runbuildbody
.xpostsys /.sampleat
.xpostsys /.samplecolortransfer
.xpostsys /.samplecolortransferbody
.xpostsys /.samplespot
.xpostsys /.samplespotbody
.xpostsys /.sampletransfer
.xpostsys /.sampletransferbody
.xpostsys /.screenlattice
.xpostsys /.screenstoragebytes
.xpostsys /.sepconv
.xpostsys /.setclipregion
.xpostsys /.setmarkedcolor
.xpostsys /.setpageinfo
.xpostsys /.setpagemarked
.xpostsys /.setpageno
.xpostsys /.setpagesent
.xpostsys /.settlebandbudget
.xpostsys /.shadepainters
.xpostsys /.shcolor
.xpostsys /.showclip
.xpostsys /.showfmap
.xpostsys /.showoutline
.xpostsys /.showroute
.xpostsys /.showtype0
.xpostsys /.spacebeneath
.xpostsys /.spacecomponents
.xpostsys /.spacecomps
.xpostsys /.spaceispattern
.xpostsys /.spacekind
.xpostsys /.spacekinds
.xpostsys /.spacenomarks
.xpostsys /.spacereduce
.xpostsys /.spaceunder
.xpostsys /.spreadgrayscreen
.xpostsys /.sskeys
.xpostsys /.ssreckeys
.xpostsys /.startdevice
.xpostsys /.stencilmask
.xpostsys /.stencilruns
.xpostsys /.strcat
.xpostsys /.strokecaps
.xpostsys /.strokeswitch
.xpostsys /.svgwritebind0
.xpostsys /.svgwritebind1
.xpostsys /.svgwritebind2
.xpostsys /.svgwritebind3
.xpostsys /.svgwritebind4
.xpostsys /.svgwritebind5
.xpostsys /.svgwritebind6
.xpostsys /.svgwritebind7
.xpostsys /.t3build
.xpostsys /.t3capkeys
.xpostsys /.t4font
.xpostsys /.t4glyphs
.xpostsys /.t4show
.xpostsys /.t4store
.xpostsys /.tiffsinknames
.xpostsys /.tintsclamp
.xpostsys /.transmitpage
.xpostsys /.tridepth
.xpostsys /.tridepthcap
.xpostsys /.tskeys
.xpostsys /.upathargs
.xpostsys /.upathcheck
.xpostsys /.upathops
.xpostsys /.upathopset
.xpostsys /.wcmatch
.xpostsys /.withspace
.xpostsys /.withspacebody
.xpostsys /.wrapwithsig
.xpostsys /.writepagenames
.xpostsys /.xpost
.xpostsys /.zeros
.xpostsys /.colorconversiondict
.xpostsys /.copypagesemanticsdict
.xpostsys /.currentcolordict
.xpostsys /.dashdict
.xpostsys /.setcolordict
.xpostsys /.showpagesemanticsdict
gstate /blackgen
gstate /bluescreenangle
gstate /bluescreenfreq
gstate /bluescreenproc
gstate /bluetransfer
gstate /clipcache
gstate /clipregion
gstate /clipsource
gstate /colorcomp1
gstate /colorcomp2
gstate /colorcomp3
gstate /colorcomp4
gstate /colorrendering
gstate /colorspace
gstate /currfont
gstate /currpath
gstate /dasharray
gstate /dashoffset
gstate /device
gstate /flat
gstate /greenscreenangle
gstate /greenscreenfreq
gstate /greenscreenproc
gstate /greentransfer
gstate /halftone
gstate /halftonetransfer
gstate /linecap
gstate /linejoin
gstate /linewidth
gstate /miterlimit
gstate /overprint
gstate /overprintmode
gstate /patbase
gstate /patcomps
gstate /patdict
gstate /rasteropcode
gstate /redscreenangle
gstate /redscreenfreq
gstate /redscreenproc
gstate /redtransfer
gstate /screenangle
gstate /screenfreq
gstate /screenproc
gstate /sepindex
gstate /septint
gstate /setspace
gstate /smoothness
gstate /strokeadjust
gstate /tintcomps
gstate /transfer
gstate /ucr
.xpostsys /.setscreencell
.xpostsys /.decodeluts
