# Which stored integers hold an address into a memory file's arena.
#
# Derived by tests/check-vm-address-fields.sh from every structure the
# library declares, so a member added anywhere lands here without a
# disposition and the build says so. Two dispositions:
#
#   address  an offset into an arena. A pass that rearranged the arena --
#            compacting it so the live blocks sit together and the tail can
#            be handed back -- must rewrite every one of these. Each carries
#            the reason it is one.
#   count    anything else: a size, an index, an entity number, a counter, a
#            flag, a handle, a generation, a coordinate, a host pointer. Not
#            affected by where the bytes of an entity sit.
#
# The dispositions are not taken on trust: the check also derives which
# members reach the offset argument of a call that turns one into a pointer,
# and a member filed as a count that gets there is reported. That is a floor
# under the register rather than a substitute for it, since a member reached
# through a subscript -- the table row -- does not match.
#
# The address column holds two rows. Virtual memory is referenced by entity
# number everywhere else, and the table is what turns a number into a place,
# so what a rearrangement of the arena has to rewrite is the table's own
# column of addresses and the cursor marking how far the arena has been
# handed out.
#
# A member is keyed by the structure that declares it as well as by the
# header, because two structures in one header can declare a member of the
# same name meaning different things -- a size in use in one, the arena
# cursor in the other -- and one row for both is a row that cannot say
# which of them a rearrangement has to rewrite. A structure named only
# after its closing brace keeps the header as its heading.
#
# disposition  header[:structure]  member  [reason, for an address]
count    xpost_context.h:_Xpost_Context     batch
count    xpost_context.h:_Xpost_Context     callback_error
count    xpost_context.h:_Xpost_Context     device_made
count    xpost_context.h:_Xpost_Context     ds
count    xpost_context.h:_Xpost_Context     ds_over
count    xpost_context.h:_Xpost_Context     es
count    xpost_context.h:_Xpost_Context     es_over
count    xpost_context.h:_Xpost_Context     es_run_base
count    xpost_context.h:_Xpost_Context     globs_size
count    xpost_context.h:_Xpost_Context     hold
count    xpost_context.h:_Xpost_Context     id
count    xpost_context.h:_Xpost_Context     idiomrecognition
count    xpost_context.h:_Xpost_Context     ignoreinvalidaccess
count    xpost_context.h:_Xpost_Context     job_baseline_ds
count    xpost_context.h:_Xpost_Context     job_boundary_failed
count    xpost_context.h:_Xpost_Context     job_encapsulated
count    xpost_context.h:_Xpost_Context     job_packing
count    xpost_context.h:_Xpost_Context     job_rand_next
count    xpost_context.h:_Xpost_Context     job_snapshots
count    xpost_context.h:_Xpost_Context     job_saved_pagedevice_depth
count    xpost_context.h:_Xpost_Context     job_vmmode
count    xpost_context.h:_Xpost_Context     jobserver
count    xpost_context.h:_Xpost_Context     namebind_gen
count    xpost_context.h:_Xpost_Context     namecache_gen
count    xpost_context.h:_Xpost_Context     namecache_size
count    xpost_context.h:_Xpost_Context     nest_depth
count    xpost_context.h:_Xpost_Context     onerr_run
count    xpost_context.h:_Xpost_Context     op_restore_n
count    xpost_context.h:_Xpost_Context     operator_install_refused
count    xpost_context.h:_Xpost_Context     os
count    xpost_context.h:_Xpost_Context     os_over
count    xpost_context.h:_Xpost_Context     packing
count    xpost_context.h:_Xpost_Context     pagedevice_depth
count    xpost_context.h:_Xpost_Context     quiet
count    xpost_context.h:_Xpost_Context     quit
count    xpost_context.h:_Xpost_Context     rand_next
count    xpost_context.h:_Xpost_Context     run_uncaught
count    xpost_context.h:_Xpost_Context     scan_proc_depth
count    xpost_context.h:_Xpost_Context     scanner_defer
count    xpost_context.h:_Xpost_Context     skip_graphics
count    xpost_context.h:_Xpost_Context     state
count    xpost_context.h:_Xpost_Context     sysdict_load_done
count    xpost_context.h:_Xpost_Context     sysdict_unlocked
count    xpost_context.h:_Xpost_Context     vmmode
count    xpost_dev_driver.h                 bufrows
count    xpost_dev_driver.h                 c
count    xpost_dev_driver.h                 cend
count    xpost_dev_driver.h                 degenerate
count    xpost_dev_driver.h                 done
count    xpost_dev_driver.h                 done:1
count    xpost_dev_driver.h                 major_is_x
count    xpost_dev_driver.h                 next
count    xpost_dev_driver.h                 open:1
count    xpost_dev_driver.h                 origin
count    xpost_dev_driver.h                 painted
count    xpost_dev_driver.h                 primed:1
count    xpost_dev_driver.h                 rows
count    xpost_dev_driver.h                 step
count    xpost_dev_driver.h                 top
count    xpost_dev_driver.h                 whole:1
count    xpost_dev_generic.h                max
count    xpost_dev_generic.h                min
count    xpost_dict.h                       hash
count    xpost_dict.h                       nused
count    xpost_dict.h                       pad
count    xpost_dict.h                       sz
count    xpost_dict.h                       tag
count    xpost_dsc.h                        llx
count    xpost_dsc.h                        lly
count    xpost_dsc.h                        nbr
count    xpost_dsc.h                        ordinal
count    xpost_dsc.h                        pages
count    xpost_dsc.h                        urx
count    xpost_dsc.h                        ury
count    xpost_dsc_ctx.h:Xpost_Dsc_Ctx      BODY_PAGE:1
count    xpost_dsc_ctx.h:Xpost_Dsc_Ctx      HEADER_BOUNDING_BOX:2
count    xpost_dsc_ctx.h:Xpost_Dsc_Ctx      HEADER_CREATION_DATE:1
count    xpost_dsc_ctx.h:Xpost_Dsc_Ctx      HEADER_CREATOR:1
count    xpost_dsc_ctx.h:Xpost_Dsc_Ctx      HEADER_DOCUMENT_FONTS:2
count    xpost_dsc_ctx.h:Xpost_Dsc_Ctx      HEADER_DOCUMENT_NEEDED_FONTS:1
count    xpost_dsc_ctx.h:Xpost_Dsc_Ctx      HEADER_DOCUMENT_PAPER_SIZES:1
count    xpost_dsc_ctx.h:Xpost_Dsc_Ctx      HEADER_DOCUMENT_SUPPLIED_FONTS:1
count    xpost_dsc_ctx.h:Xpost_Dsc_Ctx      HEADER_FOR:1
count    xpost_dsc_ctx.h:Xpost_Dsc_Ctx      HEADER_PAGES:2
count    xpost_dsc_ctx.h:Xpost_Dsc_Ctx      HEADER_PAGE_ORDER:2
count    xpost_dsc_ctx.h:Xpost_Dsc_Ctx      HEADER_TITLE:1
count    xpost_dsc_ctx.h:Xpost_Dsc_Ctx      eof:1
count    xpost_file.h:Xpost_DiskFile        input
count    xpost_file.h:Xpost_DiskFile        poll_before_read
count    xpost_file.h:Xpost_File            closed
count    xpost_file.h:Xpost_File            ent
count    xpost_file.h:Xpost_File            eot
count    xpost_file.h:Xpost_File            job_stream
count    xpost_file.h:Xpost_File            owned
count    xpost_file.h:Xpost_File            refs
count    xpost_file.h:Xpost_MemoryFile      is_malloc
count    xpost_file.h:Xpost_MemoryFile      is_read
count    xpost_file.h:Xpost_ProcFile        cpending
count    xpost_file.h:Xpost_ProcFile        eod
count    xpost_file.h:Xpost_ProcFile        npending
count    xpost_file.h:Xpost_ProcFile        pos
count    xpost_file.h:Xpost_ProcFile        pushback
count    xpost_file.h:Xpost_ProcFile        running
count    xpost_file.h:Xpost_ProcFile        started
count    xpost_interpreter.h                cid
count    xpost_interpreter.h                in_onerror
count    xpost_memory.h:Xpost_Memory_File   compact_pending
count    xpost_memory.h:Xpost_Memory_File   end
count    xpost_memory.h:Xpost_Memory_File   ent
count    xpost_memory.h:Xpost_Memory_File   ent_exhausted
count    xpost_memory.h:Xpost_Memory_File   ent_reserve_open
count    xpost_memory.h:Xpost_Memory_File   fd
count    xpost_memory.h:Xpost_Memory_File   file_birth_max
count    xpost_memory.h:Xpost_Memory_File   file_births
count    xpost_memory.h:Xpost_Memory_File   free_list_alloc_is_installed
count    xpost_memory.h:Xpost_Memory_File   free_scan
count    xpost_memory.h:Xpost_Memory_File   free_substack
count    xpost_memory.h:Xpost_Memory_File   garbage_collect_auto
count    xpost_memory.h:Xpost_Memory_File   garbage_collect_is_installed
count    xpost_memory.h:Xpost_Memory_File   garbage_collect_pending
count    xpost_memory.h:Xpost_Memory_File   gc_ent_budget
address  xpost_memory.h:Xpost_Memory_File   high_water               the offset one past the last byte handed out, which a rearrangement would set to its new value rather than move
count    xpost_memory.h:Xpost_Memory_File   interpreter_cid_get_context_is_installed
count    xpost_memory.h:Xpost_Memory_File   last
count    xpost_memory.h:Xpost_Memory_File   max
count    xpost_memory.h:Xpost_Memory_File   push_refused
count    xpost_memory.h:Xpost_Memory_File   sps
count    xpost_memory.h:Xpost_Memory_File   stack_walk
count    xpost_memory.h:Xpost_Memory_File   start
count    xpost_memory.h:Xpost_Memory_File   steps
count    xpost_memory.h:Xpost_Memory_File   threshold
count    xpost_memory.h:Xpost_Memory_File   threshold_bytes
count    xpost_memory.h:Xpost_Memory_Image  file_birth_max
count    xpost_memory.h:Xpost_Memory_Image  file_births
count    xpost_memory.h:Xpost_Memory_Image  free_scan
count    xpost_memory.h:Xpost_Memory_Image  free_substack
count    xpost_memory.h:Xpost_Memory_Image  garbage_collect_auto
count    xpost_memory.h:Xpost_Memory_Image  gc_ent_budget
count    xpost_memory.h:Xpost_Memory_Image  max
count    xpost_memory.h:Xpost_Memory_Image  nextent
count    xpost_memory.h:Xpost_Memory_Image  start
count    xpost_memory.h:Xpost_Memory_Image  threshold
count    xpost_memory.h:Xpost_Memory_Image  threshold_bytes
count    xpost_memory.h:Xpost_Memory_Image  used
count    xpost_memory.h:Xpost_Memory_Image  valid
address  xpost_memory.h:Xpost_Memory_Table  adr                      where an entity's bytes begin, and the one every other reference is turned into a place through
count    xpost_memory.h:Xpost_Memory_Table  freerow
count    xpost_memory.h:Xpost_Memory_Table  mark
count    xpost_memory.h:Xpost_Memory_Table  max
count    xpost_memory.h:Xpost_Memory_Table  nextent
count    xpost_memory.h:Xpost_Memory_Table  nextfree
count    xpost_memory.h:Xpost_Memory_Table  sz
count    xpost_memory.h:Xpost_Memory_Table  tag
count    xpost_memory.h:Xpost_Memory_Table  used
count    xpost_name.h:tst                   eq
count    xpost_name.h:tst                   hi
count    xpost_name.h:tst                   lo
count    xpost_name.h:tst                   val
count    xpost_object.h                     cpy
count    xpost_object.h                     ent
count    xpost_object.h                     fraction
count    xpost_object.h                     id
count    xpost_object.h                     lev
count    xpost_object.h                     off
count    xpost_object.h                     pad
count    xpost_object.h                     pad0
count    xpost_object.h                     padw
count    xpost_object.h                     sign_exp
count    xpost_object.h                     src
count    xpost_object.h                     stk
count    xpost_object.h                     sz
count    xpost_object.h                     tag
count    xpost_operator.h                   in
count    xpost_operator.h:Xpost_Operator    n
count    xpost_operator.h:Xpost_Operator    name
count    xpost_operator.h:Xpost_Operator   sigadr
count    xpost_operator.h:Xpost_Signature   in
count    xpost_operator.h:Xpost_Signature  t
count    xpost_record.h                     cmyk
count    xpost_record.h                     height
count    xpost_record.h                     interp
count    xpost_record.h                     mrowb
count    xpost_record.h                     nat
count    xpost_record.h                     ncomp
count    xpost_record.h                     nranges
count    xpost_record.h                     nspan
count    xpost_record.h                     planar
count    xpost_record.h                     rgbrows
count    xpost_record.h                     width
count    xpost_span.h                       hi
count    xpost_span.h                       lo
count    xpost_span.h:band_span             band
count    xpost_span.h:band_span             dirn
count    xpost_stack.h                      nextseg
count    xpost_stack.h                      prevseg
count    xpost_stack.h                      top
